../Drivers/CMSIS/Include/core_cm4.h:1684:22:__NVIC_EnableIRQ	2
../Drivers/CMSIS/Include/core_cm4.h:1775:22:__NVIC_ClearPendingIRQ	2
../Drivers/CMSIS/Include/core_cm4.h:1814:22:__NVIC_SetPriority	2
../Core/Src/main.c:106:6:TIM6_DAC_IRQHandler	2
../Core/Src/main.c:118:6:EXTI1_IRQHandler	2
../Core/Src/main.c:133:6:EXTI3_IRQHandler	2
../Core/Src/main.c:147:6:TIM6_basic_setup	1
../Core/Src/main.c:161:6:delay_micro_s	2
../Core/Src/main.c:172:6:hc_sr04_init_tubo	1
../Core/Src/main.c:198:6:set_trigger_tubo	1
../Core/Src/main.c:202:6:clear_trigger_tubo	1
../Core/Src/main.c:208:6:hc_sr04_init_mano	1
../Core/Src/main.c:236:6:set_trigger_mano	1
../Core/Src/main.c:240:6:clear_trigger_mano	1
../Core/Src/main.c:247:7:meas_dist_tubo	3
../Core/Src/main.c:265:7:meas_dist_mano	3
../Core/Src/main.c:283:6:TIM3_PWM_setup	1
../Core/Src/main.c:326:6:USART2_IRQHandler	4
../Core/Src/main.c:336:6:send_str_it	1
../Core/Src/main.c:343:7:calcola_PID	9
../Core/Src/main.c:376:5:main	10
../Core/Src/main.c:507:6:SystemClock_Config	3
../Core/Src/main.c:555:13:MX_USART2_UART_Init	2
../Core/Src/main.c:588:13:MX_GPIO_Init	1
../Core/Src/main.c:630:6:Error_Handler	1
